core_cm7.h:1884:26:__NVIC_GetPriorityGrouping	4	static
core_cm7.h:1896:22:__NVIC_EnableIRQ	16	static
core_cm7.h:2024:22:__NVIC_SetPriority	16	static
core_cm7.h:2071:26:NVIC_EncodePriority	40	static
stm32f7xx_ll_adc.h:1920:22:LL_ADC_SetCommonPathInternalCh	16	static
stm32f7xx_ll_adc.h:2452:22:LL_ADC_REG_SetSequencerRanks	32	static,ignoring_inline_asm
stm32f7xx_ll_adc.h:2684:22:LL_ADC_REG_SetFlagEndOfConversion	16	static
stm32f7xx_ll_adc.h:3234:22:LL_ADC_SetChannelSamplingTime	48	static,ignoring_inline_asm
stm32f7xx_ll_adc.h:4577:22:LL_ADC_DisableIT_EOCS	16	static
stm32f7xx_ll_dma.h:599:22:LL_DMA_SetDataTransferDirection	24	static
stm32f7xx_ll_dma.h:647:22:LL_DMA_SetMode	24	static
stm32f7xx_ll_dma.h:694:22:LL_DMA_SetPeriphIncMode	24	static
stm32f7xx_ll_dma.h:739:22:LL_DMA_SetMemoryIncMode	24	static
stm32f7xx_ll_dma.h:785:22:LL_DMA_SetPeriphSize	24	static
stm32f7xx_ll_dma.h:832:22:LL_DMA_SetMemorySize	24	static
stm32f7xx_ll_dma.h:925:22:LL_DMA_SetStreamPriorityLevel	24	static
stm32f7xx_ll_dma.h:1033:22:LL_DMA_SetChannelSelection	24	static
stm32f7xx_ll_dma.h:1300:22:LL_DMA_DisableFifoMode	16	static
stm32f7xx_ll_rcc.h:1954:22:LL_RCC_HSE_EnableBypass	4	static
stm32f7xx_ll_rcc.h:1974:22:LL_RCC_HSE_Enable	4	static
stm32f7xx_ll_rcc.h:1994:26:LL_RCC_HSE_IsReady	4	static
stm32f7xx_ll_rcc.h:2216:22:LL_RCC_SetSysClkSource	16	static
stm32f7xx_ll_rcc.h:2229:26:LL_RCC_GetSysClkSource	4	static
stm32f7xx_ll_rcc.h:2249:22:LL_RCC_SetAHBPrescaler	16	static
stm32f7xx_ll_rcc.h:2265:22:LL_RCC_SetAPB1Prescaler	16	static
stm32f7xx_ll_rcc.h:2281:22:LL_RCC_SetAPB2Prescaler	16	static
stm32f7xx_ll_rcc.h:2409:22:LL_RCC_SetUSARTClockSource	16	static
stm32f7xx_ll_rcc.h:2561:22:LL_RCC_SetUSBClockSource	16	static
stm32f7xx_ll_rcc.h:3134:22:LL_RCC_PLL_Enable	4	static
stm32f7xx_ll_rcc.h:3155:26:LL_RCC_PLL_IsReady	4	static
stm32f7xx_ll_rcc.h:3243:22:LL_RCC_PLL_ConfigDomain_SYS	24	static
stm32f7xx_ll_rcc.h:3343:22:LL_RCC_PLL_ConfigDomain_48M	24	static
stm32f7xx_ll_bus.h:311:22:LL_AHB1_GRP1_EnableClock	24	static
stm32f7xx_ll_bus.h:1073:22:LL_APB1_GRP1_EnableClock	24	static
stm32f7xx_ll_bus.h:1589:22:LL_APB2_GRP1_EnableClock	24	static
stm32f7xx_ll_system.h:513:22:LL_SYSCFG_SetEXTISource	24	static,ignoring_inline_asm
stm32f7xx_ll_system.h:891:22:LL_FLASH_SetLatency	16	static
stm32f7xx_ll_system.h:917:26:LL_FLASH_GetLatency	4	static
stm32f7xx_ll_pwr.h:264:22:LL_PWR_EnableOverDriveMode	4	static
stm32f7xx_ll_pwr.h:298:22:LL_PWR_SetRegulVoltageScaling	16	static
stm32f7xx_ll_usart.h:518:22:LL_USART_Enable	16	static
stm32f7xx_ll_usart.h:2160:22:LL_USART_ConfigAsyncMode	16	static
stm32f7xx_ll_gpio.h:274:22:LL_GPIO_SetPinMode	40	static,ignoring_inline_asm
stm32f7xx_ll_gpio.h:485:22:LL_GPIO_SetPinPull	40	static,ignoring_inline_asm
stm32f7xx_ll_gpio.h:911:22:LL_GPIO_ResetOutputPin	16	static
main.c:19:5:main	40	static
main.c:61:6:StartDefaultTask	16	static
main.c:78:6:SystemClock_Config	8	static
main.c:125:13:MX_ADC1_Init	56	static
main.c:196:13:MX_ETH_Init	16	static
main.c:241:13:MX_USART3_UART_Init	64	static
main.c:340:13:MX_USB_OTG_FS_PCD_Init	8	static
main.c:373:13:MX_DMA_Init	8	static
main.c:399:13:MX_GPIO_Init	40	static
main.c:492:6:HAL_TIM_PeriodElapsedCallback	16	static
main.c:509:6:Error_Handler	4	static
